displayFunctions.cpp:13:6:void ST7789::printText(const char*, uint8_t, uint8_t, uint16_t)	32	static
displayFunctions.cpp:33:10:uint16_t ST7789generateColor(uint8_t, uint8_t, uint8_t)	16	static
displayFunctions.cpp:37:7:void ST7789::writeCommand(uint8_t)	16	static
displayFunctions.cpp:48:6:void ST7789::drawBox(uint8_t, uint8_t, uint8_t, uint8_t, uint16_t)	160	static
displayFunctions.cpp:71:6:void ST7789::drawVerticalBar(uint8_t, uint8_t, uint8_t, uint8_t, uint8_t, uint16_t, uint8_t)	48	static
displayFunctions.cpp:80:6:void ST7789::drawPixel(uint8_t, uint8_t, uint16_t)	32	static
displayFunctions.cpp:95:6:void ST7789::drawMonochromeBitmap(const uint8_t*, uint8_t, uint8_t, uint8_t, uint8_t, uint16_t, uint8_t)	64	static
displayFunctions.cpp:138:10:uint16_t ST7789::fastrand()	24	static
displayFunctions.cpp:151:6:void ST7789::SPI_WRITE32(uint32_t)	24	static
displayFunctions.cpp:158:6:void ST7789::setAddrWindow(uint16_t, uint16_t, uint16_t, uint16_t)	40	static
displayFunctions.cpp:179:6:void ST7789::sendCommand(uint8_t, uint8_t*, uint8_t)	24	static
displayFunctions.cpp:200:6:void ST7789::delay(uint8_t)	16	static
displayFunctions.cpp:204:6:void ST7789::init()	32	static
